LINK : warning L4021: no stack segment

 Start  Stop   Length Name                   Class
 00000H 000EEH 000EFH R_TEXT                 CDOS_DATA
 000EFH 000EFH 00000H NULL                   BEGDATA
 000F0H 0048FH 003A0H _DATA                  DATA
 00490H 00490H 00000H DATA                   DATA
 00490H 006B5H 00226H CONST                  DATA
 006B6H 006B6H 00000H CONST                  CONST
 006B6H 006B6H 00000H FIXED                  FDATA
 006B6H 00787H 000D2H _BSS                   BSS
 00788H 00788H 00000H HEAP                   BSS
 00788H 00788H 00000H C_COMMON               BSS
 00788H 00FE7H 00860H STACK                  STACK
 00FF0H 01596H 005A7H ED_TEXT                CDATA
 015A0H 015A0H 00000H DYNAMIC                DDATA
 015A0H 09677H 080D8H _TEXT                  CODE
 09678H 0A5A5H 00F2EH _MSG                   CODE
 0A5B0H 0A5B0H 00000H _TEXTEND               CODE
 0A5B0H 0A7AFH 00200H ETEXT                  XEND
 0A7B0H 0A7B0H 00000H ETEXTEND               XEND

 Origin   Group
 015A:0   CGROUP
 0000:0   DGROUP
 0A5B:0   CEND

  Address         Publics by Name

 0000:0419       abort_char
 0000:041B       abort_msg
 0000:100C       alloc_com_memory
 015A:8E69       am_time
 015A:452E       append_slash_
 015A:8E2A       apr_m
 015A:8E3E       aug_m
 015A:5229       batch_close_
 015A:5149       batch_endall_
 015A:5155       batch_end_
 015A:5400       batch_new_
 015A:4FB9       batch_start_
 0000:0410       charmsg
 015A:3E3B       check_num_
 015A:05D3       cmd_loop_
 0000:00FE       code_seg
 0000:1410       com_criterr
 015A:3B95       copy_char_
 015A:41BA       crlf_
 015A:8EB6       cur_date
 015A:8E89       cur_time
 015A:41D6       c_write_
 015A:3989       day_names_
 0000:0169       dbcs_table_ptr
 015A:3C18       deblank_
 015A:8E60       dec_m
 015A:38E4       disp_filedate_
 015A:3899       disp_filetime_
 015A:39BB       disp_sysdate_
 015A:393B       disp_systime_
 015A:1089       docmd_
 0000:0408       drivemsg
 015A:42F7       d_check_
 0000:0FF0       ed_text_start
 015A:8CD6       err02
 015A:8CE5       err03
 015A:8D01       err04
 015A:8D15       err05
 015A:8D23       err08
 015A:8D35       err15
 015A:8D4D       err19
 015A:8D62       err20
 015A:8D78       err83
 015A:8D8D       err86
 015A:0D2A       error_code_
 015A:8CC3       err_file
 015A:8EF1       euro_date
 015A:4218       e_check_
 0000:0436       fail_char
 0000:0438       fail_msg
 015A:8E1B       feb_m
 015A:44D8       file_exist_
 015A:63C4       for_end_
 015A:3F89       fptr_
 015A:8E0B       fri_d
 015A:435A       f_check_
 015A:4CC4       getcmd_
 015A:3DDF       getdigit_
 015A:3EF4       get_filename_
 015A:8E77       greeting_afternoon
 015A:8E81       greeting_evening
 015A:8E6F       greeting_morning
 0000:01C1       heap_top
 015A:8744       help_com
 015A:8719       help_prog
 0000:042B       ignore_char
 0000:042D       ignore_msg
 015A:5261       inherit_batch_file_
 015A:5390       inherit_parent_state_
 015A:659C       int2e_finish_
 015A:6573       int2e_start_
 015A:8ED0       inv_date
 015A:8F03       inv_num
 015A:8E9E       inv_time
 015A:4516       isdev_
 015A:3B63       isdigit_
 015A:3E7E       iswild_
 015A:3BE4       is_blank_
 015A:3EA1       is_filechar_
 015A:60D7       is_it_or_
 015A:3EC9       is_pathchar_
 015A:8E13       jan_m
 015A:8EFA       jap_date
 015A:8E39       jul_m
 015A:8E34       jun_m
 015A:8054       longjmp_
 0000:0104       low_seg
 015A:8E24       mar_m
 015A:8E30       may_m
 015A:807E       memmove_
 015A:8DFB       mon_d
 0000:1257       msdos_exec
 0000:0350       msg0
 0000:036E       msg2
 0000:03C9       msg20
 0000:03B4       msg21
 0000:03DF       msg22
 0000:0364       msg3
 0000:037E       msg4
 0000:0389       msg6
 0000:0394       msg7
 0000:03A3       msg8
 015A:84F5       msg_badcmd
 015A:8A08       msg_badcp
 015A:84A7       msg_badopt
 015A:8BDD       msg_bados
 015A:8565       msg_batmiss
 015A:857C       msg_batnest
 015A:8549       msg_batterm
 015A:8C4D       msg_binrd
 015A:86EA       msg_break
 015A:8A2C       msg_cpnf
 015A:8AAE       msg_cpyright
 015A:8B79       msg_cpyself
 0000:03F3       msg_crlf
 015A:89F0       msg_curcp
 015A:8FBC       msg_debug
 015A:84CB       msg_devfail
 015A:859C       msg_dir
 015A:8F7F       msg_disabled
 015A:8C79       msg_dlost
 015A:8DD6       msg_drv_invalid
 015A:85B2       msg_echo
 015A:8BCB       msg_enverr
 015A:8BBA       msg_envfull
 015A:85F5       msg_era
 015A:85DF       msg_eraall
 015A:85D3       msg_eraq
 015A:8486       msg_exist
 015A:8BA9       msg_fcopied
 015A:8458       msg_files
 015A:8460       msg_free
 015A:84BF       msg_full
 015A:8621       msg_gosub
 015A:8703       msg_idle
 015A:8F13       msg_inactive
 015A:8C31       msg_inop
 015A:8F90       msg_internal
 015A:846B       msg_invalid_file
 015A:860C       msg_label
 015A:8426       msg_lbl
 015A:8C04       msg_loadpath
 015A:8FC9       msg_longjmp
 015A:865D       msg_mkdir
 015A:8496       msg_ndir
 015A:8DC1       msg_needdev
 015A:8DAC       msg_needfile
 015A:8D9E       msg_needpath
 015A:8A8D       msg_netassign
 015A:8A6D       msg_netsubst
 015A:8FA9       msg_network
 015A:8FDB       msg_nohelp
 015A:8723       msg_nohelpprog
 015A:8442       msg_nolbl
 015A:849D       msg_nsys
 015A:8B21       msg_oemcpyrt
 015A:8AFE       msg_oempatch
 015A:8F59       msg_off
 015A:843C       msg_oklbl
 015A:8F56       msg_on
 015A:8CA5       msg_onoff
 015A:853D       msg_optline
 015A:8F34       msg_outactive
 015A:8679       msg_path
 015A:8519       msg_pathdrv
 015A:8F60       msg_pause
 015A:868A       msg_ren
 015A:863B       msg_return
 015A:86C1       msg_rmdir
 015A:8AEC       msg_serialno
 015A:8B0C       msg_serno
 015A:84E7       msg_syntax
 015A:869F       msg_use_rendir
 015A:8424       msg_ver111
 015A:86F6       msg_verify
 015A:8B61       msg_version
 015A:85BD       msg_xbatch
 015A:8EBD       new_date
 015A:8E90       new_time
 015A:4419       nofiles_
 015A:8E57       nov_m
 015A:8E4F       oct_m
 015A:4100       onoff_
 015A:459A       optional_line_
 015A:0DEE       parse_
 015A:8682       path_template
 015A:8E6C       pm_time
 015A:18A2       process_config_env_
 015A:4571       prompt_exec_
 0000:043F       prompt_msg
 015A:3A6B       putc_
 015A:41CB       puts_
 0000:03F6       readmsg
 0000:045B       RELOAD_MSGF
 0000:0484       RELOAD_MSGM
 0000:0443       RELOAD_MSGS
 015A:3FC0       repwild_
 0000:0421       retry_char
 0000:0423       retry_msg
 015A:3A8B       revoff_
 015A:3A7F       revon_
 015A:8E0F       sat_d
 015A:8E45       sep_m
 015A:3098       show_file_
 015A:3B72       skip_char_
 0000:01BF       stack_min
 015A:7FF7       strcat_
 015A:7FC9       strchr_
 015A:7F9F       strcmp_
 015A:7F76       strcpy_
 015A:7F3A       stricmp_
 015A:3D87       strip_path_
 015A:7F21       strlen_
 015A:3C2C       strlwr_
 015A:7EF3       strncat_
 015A:7EC1       strncmp_
 015A:7E98       strncpy_
 015A:3CD8       strnicmp_
 015A:7DEF       strstr_
 015A:3C80       strupr_
 015A:8DF7       sun_d
 015A:41A3       syntax_
 015A:8E07       thu_d
 015A:3B4B       tolower_
 015A:8DFF       tue_d
 015A:42BF       UNC_
 015A:8EE8       us_date
 015A:8E03       wed_d
 0000:03FF       writemsg
 015A:407F       yes_
 015A:8F5D       yes_no
 015A:3D5A       zap_spaces_
 0000:0419       _ABORT_CHAR
 0000:041B       _ABORT_MSG
 015A:1ED3       _alloc_region
 0000:0324       _allow_pexec
 015A:8E69       _am_time
 015A:8E2A       _apr_m
 015A:8E3E       _aug_m
 0000:01B0       _autoexec_name
 0000:0310       _back_flag
 0000:0756       _batch
 0000:02AE       _batchflg
 0000:0013       _batchflg_off
 0000:0011       _batchptr_off
 0000:0738       _batch_save
 0000:00E7       _batch_seg_ptr
 0000:01BD       _boot_key_scan_code
 0000:06B6       _break_env
 0000:0730       _break_flag
 0000:073E       _bufaddr
 0000:072E       _bufsize
 015A:1F89       _call_novell
 0000:00EB       _cbreak_ok
 015A:0159       _cgroupptr
 0000:0410       _CHARMSG
 015A:6B21       _cmd_break
 015A:1FE9       _cmd_call
 015A:20A3       _cmd_cd
 015A:6BC3       _cmd_chcp
 015A:3A58       _cmd_cls
 015A:6D37       _cmd_copy
 015A:6C2C       _cmd_ctty
 015A:21A7       _cmd_date
 015A:22F3       _cmd_del
 015A:3432       _cmd_delq
 015A:234B       _cmd_dir
 015A:285F       _cmd_echo
 015A:28C7       _cmd_exit
 015A:625A       _cmd_for
 015A:5B0B       _cmd_gosub
 015A:5A83       _cmd_goto
 015A:374F       _cmd_hiload
 015A:6CCE       _cmd_idle
 015A:6113       _cmd_if
 015A:80D8       _cmd_list
 015A:2934       _cmd_md
 015A:332C       _cmd_more
 015A:61AF       _cmd_or
 015A:296B       _cmd_path
 015A:29EF       _cmd_pause
 015A:2B1F       _cmd_prompt
 015A:2D5F       _cmd_rd
 015A:2B5C       _cmd_rem
 015A:2B63       _cmd_ren
 015A:5BE8       _cmd_return
 015A:2D97       _cmd_set
 015A:5A27       _cmd_shift
 015A:2A77       _cmd_stdin_pause
 015A:5C63       _cmd_switch
 015A:2E69       _cmd_time
 015A:2F2D       _cmd_truename
 015A:31D1       _cmd_type
 015A:333B       _cmd_ver
 015A:6B78       _cmd_verify
 015A:336B       _cmd_vol
 0000:0708       _country
 0000:02AC       _crlfflg
 015A:8EB6       _cur_date
 015A:8E89       _cur_time
 0000:031E       _c_option
 015A:1F00       _dbcs_expected
 015A:1F11       _dbcs_lead
 0000:0732       _ddrive
 015A:1924       _debug
 015A:8E60       _dec_m
 015A:0570       _docmd_int2f
 015A:1B00       _dos_parse_filename
 0000:0306       _dotdot
 0000:02A8       _drive
 0000:0408       _DRIVEMSG
 0000:0309       _d_slash_stardotstar
 0000:02AA       _echoflg
 0000:0015       _echoflg_off
 0000:06FA       _echoflg_save2
 0000:06B6       _edata
 0000:0788       _end
 015A:1995       _env_del
 015A:1927       _env_entry
 015A:19C5       _env_ins
 015A:1960       _env_scan
 015A:4667       _eprintf
 015A:8CD6       _err02
 015A:8CE5       _err03
 015A:8D01       _err04
 015A:8D15       _err05
 015A:8D23       _err08
 015A:8D35       _err15
 015A:8D4D       _err19
 015A:8D62       _err20
 015A:8D78       _err83
 015A:8D8D       _err86
 015A:8CC3       _err_file
 0000:0734       _err_flag
 0000:073C       _err_ret
 015A:8EF1       _euro_date
 015A:0000       _exec
 0000:072C       _execed
 015A:1F36       _extended_error
 0000:0436       _FAIL_CHAR
 0000:0438       _FAIL_MSG
 015A:0146       _farptr
 015A:1BE4       _far_read
 015A:1BE9       _far_write
 015A:8E1B       _feb_m
 015A:1AE4       _findeof
 015A:1453       _findfile
 015A:1B1C       _flush_cache
 0000:02B0       _for_flag
 015A:46C4       _fprintf
 015A:1EF2       _free_region
 015A:8E0B       _fri_d
 0000:0316       _ftypes
 015A:1EC0       _get_alloc_strategy
 015A:68F9       _get_am_pm
 015A:04BD       _get_config_env
 015A:6AB3       _get_connection
 015A:6A52       _get_day
 015A:6A81       _get_day_of_week
 015A:6707       _get_full_name
 015A:6937       _get_greeting
 015A:687E       _get_hour
 015A:68B7       _get_hour24
 015A:1F40       _get_lines_page
 015A:6656       _get_login_name
 015A:68D1       _get_minute
 015A:69B7       _get_month
 015A:69E2       _get_month_name
 015A:6A68       _get_nday_of_week
 015A:04D2       _get_original_envsize
 015A:6AA0       _get_os_version
 015A:0553       _get_out_pipe
 015A:66D1       _get_pstation
 015A:0513       _get_reload_file
 015A:1F53       _get_scr_width
 015A:68E5       _get_second
 015A:6996       _get_short_year
 015A:1EAC       _get_upper_memory_link
 015A:6980       _get_year
 0000:032E       _global_in_hiload
 0000:0736       _global_link
 0000:072A       _global_strat
 0000:0326       _gp_far_buff
 015A:8E77       _greeting_afternoon
 015A:8E81       _greeting_evening
 015A:8E6F       _greeting_morning
 015A:1AAA       _heap
 015A:1A6A       _heap_get
 015A:1AAE       _heap_set
 015A:1A97       _heap_size
 015A:8744       _help_com
 015A:8719       _help_prog
 0000:0742       _hidden_umb
 0000:0206       _ifcond
 0000:0204       _if_context
 0000:042B       _IGNORE_CHAR
 0000:042D       _IGNORE_MSG
 0000:02A6       _initflg
 015A:0190       _install_perm
 015A:0287       _int10_cls
 015A:1824       _int2e_handler
 015A:0D7E       _int_break
 015A:8ED0       _inv_date
 015A:8F03       _inv_num
 015A:8E9E       _inv_time
 0000:02B2       _in_flag
 0000:02B6       _in_handle
 015A:1E52       _ioctl_ver
 015A:8E13       _jan_m
 015A:8EFA       _jap_date
 015A:8E39       _jul_m
 015A:8E34       _jun_m
 0000:0208       _kbdbuf
 0000:028A       _kbdptr
 0000:0320       _k_option
 015A:8E24       _mar_m
 015A:021A       _master_env
 015A:8E30       _may_m
 015A:1DFF       _mem_alloc
 015A:1E27       _mem_free
 015A:8DFB       _mon_d
 015A:1E41       _msdos
 0000:0350       _MSG0
 0000:036E       _MSG2
 0000:03C9       _MSG20
 0000:03B4       _MSG21
 0000:03DF       _MSG22
 0000:0364       _MSG3
 0000:037E       _MSG4
 0000:0389       _MSG6
 0000:0394       _MSG7
 0000:03A3       _MSG8
 015A:84F5       _msg_badcmd
 015A:8A08       _msg_badcp
 015A:84A7       _msg_badopt
 015A:8BDD       _msg_bados
 015A:8565       _msg_batmiss
 015A:857C       _msg_batnest
 015A:8549       _msg_batterm
 015A:8C4D       _msg_binrd
 015A:86EA       _msg_break
 015A:8A2C       _msg_cpnf
 015A:8AAE       _msg_cpyright
 015A:8B79       _msg_cpyself
 0000:03F3       _MSG_CRLF
 015A:89F0       _msg_curcp
 015A:8FBC       _msg_debug
 015A:84CB       _msg_devfail
 015A:859C       _msg_dir
 015A:8F7F       _msg_disabled
 015A:8C79       _msg_dlost
 015A:8DD6       _msg_drv_invalid
 015A:85B2       _msg_echo
 015A:8BCB       _msg_enverr
 015A:8BBA       _msg_envfull
 015A:85F5       _msg_era
 015A:85DF       _msg_eraall
 015A:85D3       _msg_eraq
 015A:8486       _msg_exist
 015A:8BA9       _msg_fcopied
 015A:8458       _msg_files
 015A:8460       _msg_free
 015A:84BF       _msg_full
 015A:8621       _msg_gosub
 015A:8703       _msg_idle
 015A:8F13       _msg_inactive
 015A:8C31       _msg_inop
 015A:8F90       _msg_internal
 015A:846B       _msg_invalid_file
 015A:860C       _msg_label
 015A:8426       _msg_lbl
 015A:8C04       _msg_loadpath
 015A:8FC9       _msg_longjmp
 015A:865D       _msg_mkdir
 015A:8496       _msg_ndir
 015A:8DC1       _msg_needdev
 015A:8DAC       _msg_needfile
 015A:8D9E       _msg_needpath
 015A:8A8D       _msg_netassign
 015A:8A6D       _msg_netsubst
 015A:8FA9       _msg_network
 015A:8FDB       _msg_nohelp
 015A:8723       _msg_nohelpprog
 015A:8442       _msg_nolbl
 015A:849D       _msg_nsys
 015A:8B21       _msg_oemcpyrt
 015A:8AFE       _msg_oempatch
 015A:8F59       _msg_off
 015A:843C       _msg_oklbl
 015A:8F56       _msg_on
 015A:8CA5       _msg_onoff
 015A:853D       _msg_optline
 015A:8F34       _msg_outactive
 015A:8679       _msg_path
 015A:8519       _msg_pathdrv
 0000:01CA       _msg_patheq
 015A:8F60       _msg_pause
 0000:01D0       _msg_prmeq
 015A:868A       _msg_ren
 015A:863B       _msg_return
 015A:86C1       _msg_rmdir
 015A:8AEC       _msg_serialno
 015A:8B0C       _msg_serno
 015A:84E7       _msg_syntax
 015A:869F       _msg_use_rendir
 015A:8424       _msg_ver111
 015A:86F6       _msg_verify
 015A:8B61       _msg_version
 015A:85BD       _msg_xbatch
 015A:1B6C       _ms_drv_get
 015A:1B60       _ms_drv_set
 015A:1B72       _ms_drv_space
 015A:1DE2       _ms_f_delete
 015A:1DC1       _ms_f_getverify
 015A:1DC7       _ms_f_parse
 015A:1DB5       _ms_f_verify
 015A:1D48       _ms_getdate
 015A:1D72       _ms_gettime
 015A:1D9D       _ms_idle_ptr
 015A:1D5E       _ms_setdate
 015A:1D87       _ms_settime
 015A:1DEF       _ms_set_break
 015A:1DAB       _ms_switchar
 015A:1B8F       _ms_s_country
 015A:1BA8       _ms_x_chdir
 015A:1C66       _ms_x_chmod
 015A:1BC7       _ms_x_close
 015A:1BAD       _ms_x_creat
 015A:1C88       _ms_x_curdir
 015A:1D19       _ms_x_datetime
 015A:1C9E       _ms_x_exit
 015A:1CAA       _ms_x_expand
 015A:1BD6       _ms_x_fdup
 015A:1CCD       _ms_x_first
 015A:1E60       _ms_x_getcp
 015A:1C3D       _ms_x_ioctl
 015A:1C21       _ms_x_lseek
 015A:1B9E       _ms_x_mkdir
 015A:1CE2       _ms_x_next
 015A:1BB2       _ms_x_open
 015A:1C01       _ms_x_read
 015A:1D04       _ms_x_rename
 015A:1BA3       _ms_x_rmdir
 015A:1E7C       _ms_x_setcp
 015A:1C4F       _ms_x_setdev
 015A:1BD2       _ms_x_unique
 015A:1C1C       _ms_x_unlink
 015A:1CC8       _ms_x_wait
 015A:1C06       _ms_x_write
 015A:8EBD       _new_date
 015A:8E90       _new_time
 015A:1F5E       _novell_copy
 015A:8258       _novell_ext_list
 015A:1FD6       _nov_connection
 015A:8E57       _nov_m
 015A:1FB1       _nov_station
 0000:0322       _n_option
 015A:8E4F       _oct_m
 0000:0700       _old_pipe
 0000:02B4       _out_flag
 0000:02B8       _out_handle
 0000:02C0       _out_pipe
 0000:0312       _page_len
 0000:0314       _page_wid
 0000:0702       _parent_psp
 0000:0300       _pathchar
 015A:8682       _path_template
 0000:02BC       _pipe_in
 0000:02BA       _pipe_out
 015A:8E6C       _pm_time
 0000:02BE       _preserve_pipe
 015A:4609       _printf
 0000:043F       _PROMPT_MSG
 015A:1B43       _psp_poke
 015A:041A       _put_resident_high
 0000:0302       _pwdchar
 015A:00E0       _readline
 0000:03F6       _READMSG
 0000:045B       _reload_msgf
 0000:0484       _reload_msgm
 0000:0443       _reload_msgs
 015A:0211       _restore_error_mode
 015A:01F1       _restore_term_addr
 0000:0421       _RETRY_CHAR
 0000:0423       _RETRY_MSG
 015A:8E0F       _sat_d
 0000:0706       _save_parent
 015A:8E45       _sep_m
 015A:802A       _setjmp_
 015A:1EC6       _set_alloc_strategy
 015A:0532       _set_reload_file
 015A:1EB3       _set_upper_memory_link
 0000:032A       _show_file_buf
 015A:02DF       _show_help
 0000:0000       _small_code_
 015A:4716       _sprintf
 015A:8DF7       _sun_d
 0000:0304       _switchar
 015A:8E07       _thu_d
 015A:1E8D       _toupper
 015A:8DFF       _tue_d
 015A:8EE8       _us_date
 015A:8E03       _wed_d
 0000:03FF       _WRITEMSG
 015A:8F5D       _yes_no
 0000:9876  Abs  __acrtused
 015A:7D14       __I4D
 015A:7CFC       __I4M
 015A:05A6       __main
 0000:00E5       __psp
 015A:1ACA       __STK
 015A:7D61       __U4D
 015A:7CFC       __U4M

  Address         Publics by Value

 0000:0000       _small_code_
 0000:0011       _batchptr_off
 0000:0013       _batchflg_off
 0000:0015       _echoflg_off
 0000:00E5       __psp
 0000:00E7       _batch_seg_ptr
 0000:00EB       _cbreak_ok
 0000:00FE       code_seg
 0000:0104       low_seg
 0000:0169       dbcs_table_ptr
 0000:01B0       _autoexec_name
 0000:01BD       _boot_key_scan_code
 0000:01BF       stack_min
 0000:01C1       heap_top
 0000:01CA       _msg_patheq
 0000:01D0       _msg_prmeq
 0000:0204       _if_context
 0000:0206       _ifcond
 0000:0208       _kbdbuf
 0000:028A       _kbdptr
 0000:02A6       _initflg
 0000:02A8       _drive
 0000:02AA       _echoflg
 0000:02AC       _crlfflg
 0000:02AE       _batchflg
 0000:02B0       _for_flag
 0000:02B2       _in_flag
 0000:02B4       _out_flag
 0000:02B6       _in_handle
 0000:02B8       _out_handle
 0000:02BA       _pipe_out
 0000:02BC       _pipe_in
 0000:02BE       _preserve_pipe
 0000:02C0       _out_pipe
 0000:0300       _pathchar
 0000:0302       _pwdchar
 0000:0304       _switchar
 0000:0306       _dotdot
 0000:0309       _d_slash_stardotstar
 0000:0310       _back_flag
 0000:0312       _page_len
 0000:0314       _page_wid
 0000:0316       _ftypes
 0000:031E       _c_option
 0000:0320       _k_option
 0000:0322       _n_option
 0000:0324       _allow_pexec
 0000:0326       _gp_far_buff
 0000:032A       _show_file_buf
 0000:032E       _global_in_hiload
 0000:0350       _MSG0
 0000:0350       msg0
 0000:0364       _MSG3
 0000:0364       msg3
 0000:036E       msg2
 0000:036E       _MSG2
 0000:037E       _MSG4
 0000:037E       msg4
 0000:0389       msg6
 0000:0389       _MSG6
 0000:0394       _MSG7
 0000:0394       msg7
 0000:03A3       msg8
 0000:03A3       _MSG8
 0000:03B4       msg21
 0000:03B4       _MSG21
 0000:03C9       msg20
 0000:03C9       _MSG20
 0000:03DF       _MSG22
 0000:03DF       msg22
 0000:03F3       msg_crlf
 0000:03F3       _MSG_CRLF
 0000:03F6       _READMSG
 0000:03F6       readmsg
 0000:03FF       _WRITEMSG
 0000:03FF       writemsg
 0000:0408       _DRIVEMSG
 0000:0408       drivemsg
 0000:0410       _CHARMSG
 0000:0410       charmsg
 0000:0419       _ABORT_CHAR
 0000:0419       abort_char
 0000:041B       abort_msg
 0000:041B       _ABORT_MSG
 0000:0421       retry_char
 0000:0421       _RETRY_CHAR
 0000:0423       _RETRY_MSG
 0000:0423       retry_msg
 0000:042B       _IGNORE_CHAR
 0000:042B       ignore_char
 0000:042D       ignore_msg
 0000:042D       _IGNORE_MSG
 0000:0436       _FAIL_CHAR
 0000:0436       fail_char
 0000:0438       fail_msg
 0000:0438       _FAIL_MSG
 0000:043F       prompt_msg
 0000:043F       _PROMPT_MSG
 0000:0443       RELOAD_MSGS
 0000:0443       _reload_msgs
 0000:045B       RELOAD_MSGF
 0000:045B       _reload_msgf
 0000:0484       RELOAD_MSGM
 0000:0484       _reload_msgm
 0000:06B6       _break_env
 0000:06B6       _edata
 0000:06FA       _echoflg_save2
 0000:0700       _old_pipe
 0000:0702       _parent_psp
 0000:0706       _save_parent
 0000:0708       _country
 0000:072A       _global_strat
 0000:072C       _execed
 0000:072E       _bufsize
 0000:0730       _break_flag
 0000:0732       _ddrive
 0000:0734       _err_flag
 0000:0736       _global_link
 0000:0738       _batch_save
 0000:073C       _err_ret
 0000:073E       _bufaddr
 0000:0742       _hidden_umb
 0000:0756       _batch
 0000:0788       _end
 0000:0FF0       ed_text_start
 0000:100C       alloc_com_memory
 0000:1257       msdos_exec
 0000:1410       com_criterr
 015A:0000       _exec
 015A:00E0       _readline
 015A:0146       _farptr
 015A:0159       _cgroupptr
 015A:0190       _install_perm
 015A:01F1       _restore_term_addr
 015A:0211       _restore_error_mode
 015A:021A       _master_env
 015A:0287       _int10_cls
 015A:02DF       _show_help
 015A:041A       _put_resident_high
 015A:04BD       _get_config_env
 015A:04D2       _get_original_envsize
 015A:0513       _get_reload_file
 015A:0532       _set_reload_file
 015A:0553       _get_out_pipe
 015A:0570       _docmd_int2f
 015A:05A6       __main
 015A:05D3       cmd_loop_
 015A:0D2A       error_code_
 015A:0D7E       _int_break
 015A:0DEE       parse_
 015A:1089       docmd_
 015A:1453       _findfile
 015A:1824       _int2e_handler
 015A:18A2       process_config_env_
 015A:1924       _debug
 015A:1927       _env_entry
 015A:1960       _env_scan
 015A:1995       _env_del
 015A:19C5       _env_ins
 015A:1A6A       _heap_get
 015A:1A97       _heap_size
 015A:1AAA       _heap
 015A:1AAE       _heap_set
 015A:1ACA       __STK
 015A:1AE4       _findeof
 015A:1B00       _dos_parse_filename
 015A:1B1C       _flush_cache
 015A:1B43       _psp_poke
 015A:1B60       _ms_drv_set
 015A:1B6C       _ms_drv_get
 015A:1B72       _ms_drv_space
 015A:1B8F       _ms_s_country
 015A:1B9E       _ms_x_mkdir
 015A:1BA3       _ms_x_rmdir
 015A:1BA8       _ms_x_chdir
 015A:1BAD       _ms_x_creat
 015A:1BB2       _ms_x_open
 015A:1BC7       _ms_x_close
 015A:1BD2       _ms_x_unique
 015A:1BD6       _ms_x_fdup
 015A:1BE4       _far_read
 015A:1BE9       _far_write
 015A:1C01       _ms_x_read
 015A:1C06       _ms_x_write
 015A:1C1C       _ms_x_unlink
 015A:1C21       _ms_x_lseek
 015A:1C3D       _ms_x_ioctl
 015A:1C4F       _ms_x_setdev
 015A:1C66       _ms_x_chmod
 015A:1C88       _ms_x_curdir
 015A:1C9E       _ms_x_exit
 015A:1CAA       _ms_x_expand
 015A:1CC8       _ms_x_wait
 015A:1CCD       _ms_x_first
 015A:1CE2       _ms_x_next
 015A:1D04       _ms_x_rename
 015A:1D19       _ms_x_datetime
 015A:1D48       _ms_getdate
 015A:1D5E       _ms_setdate
 015A:1D72       _ms_gettime
 015A:1D87       _ms_settime
 015A:1D9D       _ms_idle_ptr
 015A:1DAB       _ms_switchar
 015A:1DB5       _ms_f_verify
 015A:1DC1       _ms_f_getverify
 015A:1DC7       _ms_f_parse
 015A:1DE2       _ms_f_delete
 015A:1DEF       _ms_set_break
 015A:1DFF       _mem_alloc
 015A:1E27       _mem_free
 015A:1E41       _msdos
 015A:1E52       _ioctl_ver
 015A:1E60       _ms_x_getcp
 015A:1E7C       _ms_x_setcp
 015A:1E8D       _toupper
 015A:1EAC       _get_upper_memory_link
 015A:1EB3       _set_upper_memory_link
 015A:1EC0       _get_alloc_strategy
 015A:1EC6       _set_alloc_strategy
 015A:1ED3       _alloc_region
 015A:1EF2       _free_region
 015A:1F00       _dbcs_expected
 015A:1F11       _dbcs_lead
 015A:1F36       _extended_error
 015A:1F40       _get_lines_page
 015A:1F53       _get_scr_width
 015A:1F5E       _novell_copy
 015A:1F89       _call_novell
 015A:1FB1       _nov_station
 015A:1FD6       _nov_connection
 015A:1FE9       _cmd_call
 015A:20A3       _cmd_cd
 015A:21A7       _cmd_date
 015A:22F3       _cmd_del
 015A:234B       _cmd_dir
 015A:285F       _cmd_echo
 015A:28C7       _cmd_exit
 015A:2934       _cmd_md
 015A:296B       _cmd_path
 015A:29EF       _cmd_pause
 015A:2A77       _cmd_stdin_pause
 015A:2B1F       _cmd_prompt
 015A:2B5C       _cmd_rem
 015A:2B63       _cmd_ren
 015A:2D5F       _cmd_rd
 015A:2D97       _cmd_set
 015A:2E69       _cmd_time
 015A:2F2D       _cmd_truename
 015A:3098       show_file_
 015A:31D1       _cmd_type
 015A:332C       _cmd_more
 015A:333B       _cmd_ver
 015A:336B       _cmd_vol
 015A:3432       _cmd_delq
 015A:374F       _cmd_hiload
 015A:3899       disp_filetime_
 015A:38E4       disp_filedate_
 015A:393B       disp_systime_
 015A:3989       day_names_
 015A:39BB       disp_sysdate_
 015A:3A58       _cmd_cls
 015A:3A6B       putc_
 015A:3A7F       revon_
 015A:3A8B       revoff_
 015A:3B4B       tolower_
 015A:3B63       isdigit_
 015A:3B72       skip_char_
 015A:3B95       copy_char_
 015A:3BE4       is_blank_
 015A:3C18       deblank_
 015A:3C2C       strlwr_
 015A:3C80       strupr_
 015A:3CD8       strnicmp_
 015A:3D5A       zap_spaces_
 015A:3D87       strip_path_
 015A:3DDF       getdigit_
 015A:3E3B       check_num_
 015A:3E7E       iswild_
 015A:3EA1       is_filechar_
 015A:3EC9       is_pathchar_
 015A:3EF4       get_filename_
 015A:3F89       fptr_
 015A:3FC0       repwild_
 015A:407F       yes_
 015A:4100       onoff_
 015A:41A3       syntax_
 015A:41BA       crlf_
 015A:41CB       puts_
 015A:41D6       c_write_
 015A:4218       e_check_
 015A:42BF       UNC_
 015A:42F7       d_check_
 015A:435A       f_check_
 015A:4419       nofiles_
 015A:44D8       file_exist_
 015A:4516       isdev_
 015A:452E       append_slash_
 015A:4571       prompt_exec_
 015A:459A       optional_line_
 015A:4609       _printf
 015A:4667       _eprintf
 015A:46C4       _fprintf
 015A:4716       _sprintf
 015A:4CC4       getcmd_
 015A:4FB9       batch_start_
 015A:5149       batch_endall_
 015A:5155       batch_end_
 015A:5229       batch_close_
 015A:5261       inherit_batch_file_
 015A:5390       inherit_parent_state_
 015A:5400       batch_new_
 015A:5A27       _cmd_shift
 015A:5A83       _cmd_goto
 015A:5B0B       _cmd_gosub
 015A:5BE8       _cmd_return
 015A:5C63       _cmd_switch
 015A:60D7       is_it_or_
 015A:6113       _cmd_if
 015A:61AF       _cmd_or
 015A:625A       _cmd_for
 015A:63C4       for_end_
 015A:6573       int2e_start_
 015A:659C       int2e_finish_
 015A:6656       _get_login_name
 015A:66D1       _get_pstation
 015A:6707       _get_full_name
 015A:687E       _get_hour
 015A:68B7       _get_hour24
 015A:68D1       _get_minute
 015A:68E5       _get_second
 015A:68F9       _get_am_pm
 015A:6937       _get_greeting
 015A:6980       _get_year
 015A:6996       _get_short_year
 015A:69B7       _get_month
 015A:69E2       _get_month_name
 015A:6A52       _get_day
 015A:6A68       _get_nday_of_week
 015A:6A81       _get_day_of_week
 015A:6AA0       _get_os_version
 015A:6AB3       _get_connection
 015A:6B21       _cmd_break
 015A:6B78       _cmd_verify
 015A:6BC3       _cmd_chcp
 015A:6C2C       _cmd_ctty
 015A:6CCE       _cmd_idle
 015A:6D37       _cmd_copy
 015A:7CFC       __I4M
 015A:7CFC       __U4M
 015A:7D14       __I4D
 015A:7D61       __U4D
 015A:7DEF       strstr_
 015A:7E98       strncpy_
 015A:7EC1       strncmp_
 015A:7EF3       strncat_
 015A:7F21       strlen_
 015A:7F3A       stricmp_
 015A:7F76       strcpy_
 015A:7F9F       strcmp_
 015A:7FC9       strchr_
 015A:7FF7       strcat_
 015A:802A       _setjmp_
 015A:8054       longjmp_
 015A:807E       memmove_
 015A:80D8       _cmd_list
 015A:8258       _novell_ext_list
 0000:9876  Abs  __acrtused
 015A:8424       msg_ver111
 015A:8424       _msg_ver111
 015A:8426       _msg_lbl
 015A:8426       msg_lbl
 015A:843C       _msg_oklbl
 015A:843C       msg_oklbl
 015A:8442       _msg_nolbl
 015A:8442       msg_nolbl
 015A:8458       msg_files
 015A:8458       _msg_files
 015A:8460       _msg_free
 015A:8460       msg_free
 015A:846B       _msg_invalid_file
 015A:846B       msg_invalid_file
 015A:8486       _msg_exist
 015A:8486       msg_exist
 015A:8496       _msg_ndir
 015A:8496       msg_ndir
 015A:849D       msg_nsys
 015A:849D       _msg_nsys
 015A:84A7       _msg_badopt
 015A:84A7       msg_badopt
 015A:84BF       msg_full
 015A:84BF       _msg_full
 015A:84CB       _msg_devfail
 015A:84CB       msg_devfail
 015A:84E7       _msg_syntax
 015A:84E7       msg_syntax
 015A:84F5       _msg_badcmd
 015A:84F5       msg_badcmd
 015A:8519       _msg_pathdrv
 015A:8519       msg_pathdrv
 015A:853D       msg_optline
 015A:853D       _msg_optline
 015A:8549       _msg_batterm
 015A:8549       msg_batterm
 015A:8565       _msg_batmiss
 015A:8565       msg_batmiss
 015A:857C       _msg_batnest
 015A:857C       msg_batnest
 015A:859C       msg_dir
 015A:859C       _msg_dir
 015A:85B2       _msg_echo
 015A:85B2       msg_echo
 015A:85BD       msg_xbatch
 015A:85BD       _msg_xbatch
 015A:85D3       _msg_eraq
 015A:85D3       msg_eraq
 015A:85DF       msg_eraall
 015A:85DF       _msg_eraall
 015A:85F5       _msg_era
 015A:85F5       msg_era
 015A:860C       msg_label
 015A:860C       _msg_label
 015A:8621       _msg_gosub
 015A:8621       msg_gosub
 015A:863B       _msg_return
 015A:863B       msg_return
 015A:865D       _msg_mkdir
 015A:865D       msg_mkdir
 015A:8679       msg_path
 015A:8679       _msg_path
 015A:8682       _path_template
 015A:8682       path_template
 015A:868A       msg_ren
 015A:868A       _msg_ren
 015A:869F       _msg_use_rendir
 015A:869F       msg_use_rendir
 015A:86C1       msg_rmdir
 015A:86C1       _msg_rmdir
 015A:86EA       msg_break
 015A:86EA       _msg_break
 015A:86F6       _msg_verify
 015A:86F6       msg_verify
 015A:8703       msg_idle
 015A:8703       _msg_idle
 015A:8719       _help_prog
 015A:8719       help_prog
 015A:8723       msg_nohelpprog
 015A:8723       _msg_nohelpprog
 015A:8744       help_com
 015A:8744       _help_com
 015A:89F0       _msg_curcp
 015A:89F0       msg_curcp
 015A:8A08       msg_badcp
 015A:8A08       _msg_badcp
 015A:8A2C       msg_cpnf
 015A:8A2C       _msg_cpnf
 015A:8A6D       _msg_netsubst
 015A:8A6D       msg_netsubst
 015A:8A8D       msg_netassign
 015A:8A8D       _msg_netassign
 015A:8AAE       _msg_cpyright
 015A:8AAE       msg_cpyright
 015A:8AEC       _msg_serialno
 015A:8AEC       msg_serialno
 015A:8AFE       msg_oempatch
 015A:8AFE       _msg_oempatch
 015A:8B0C       msg_serno
 015A:8B0C       _msg_serno
 015A:8B21       msg_oemcpyrt
 015A:8B21       _msg_oemcpyrt
 015A:8B61       _msg_version
 015A:8B61       msg_version
 015A:8B79       _msg_cpyself
 015A:8B79       msg_cpyself
 015A:8BA9       _msg_fcopied
 015A:8BA9       msg_fcopied
 015A:8BBA       _msg_envfull
 015A:8BBA       msg_envfull
 015A:8BCB       _msg_enverr
 015A:8BCB       msg_enverr
 015A:8BDD       _msg_bados
 015A:8BDD       msg_bados
 015A:8C04       msg_loadpath
 015A:8C04       _msg_loadpath
 015A:8C31       msg_inop
 015A:8C31       _msg_inop
 015A:8C4D       msg_binrd
 015A:8C4D       _msg_binrd
 015A:8C79       _msg_dlost
 015A:8C79       msg_dlost
 015A:8CA5       _msg_onoff
 015A:8CA5       msg_onoff
 015A:8CC3       _err_file
 015A:8CC3       err_file
 015A:8CD6       _err02
 015A:8CD6       err02
 015A:8CE5       _err03
 015A:8CE5       err03
 015A:8D01       err04
 015A:8D01       _err04
 015A:8D15       err05
 015A:8D15       _err05
 015A:8D23       err08
 015A:8D23       _err08
 015A:8D35       _err15
 015A:8D35       err15
 015A:8D4D       err19
 015A:8D4D       _err19
 015A:8D62       err20
 015A:8D62       _err20
 015A:8D78       _err83
 015A:8D78       err83
 015A:8D8D       err86
 015A:8D8D       _err86
 015A:8D9E       _msg_needpath
 015A:8D9E       msg_needpath
 015A:8DAC       msg_needfile
 015A:8DAC       _msg_needfile
 015A:8DC1       msg_needdev
 015A:8DC1       _msg_needdev
 015A:8DD6       _msg_drv_invalid
 015A:8DD6       msg_drv_invalid
 015A:8DF7       sun_d
 015A:8DF7       _sun_d
 015A:8DFB       _mon_d
 015A:8DFB       mon_d
 015A:8DFF       _tue_d
 015A:8DFF       tue_d
 015A:8E03       _wed_d
 015A:8E03       wed_d
 015A:8E07       thu_d
 015A:8E07       _thu_d
 015A:8E0B       fri_d
 015A:8E0B       _fri_d
 015A:8E0F       _sat_d
 015A:8E0F       sat_d
 015A:8E13       jan_m
 015A:8E13       _jan_m
 015A:8E1B       feb_m
 015A:8E1B       _feb_m
 015A:8E24       mar_m
 015A:8E24       _mar_m
 015A:8E2A       _apr_m
 015A:8E2A       apr_m
 015A:8E30       _may_m
 015A:8E30       may_m
 015A:8E34       jun_m
 015A:8E34       _jun_m
 015A:8E39       jul_m
 015A:8E39       _jul_m
 015A:8E3E       aug_m
 015A:8E3E       _aug_m
 015A:8E45       _sep_m
 015A:8E45       sep_m
 015A:8E4F       _oct_m
 015A:8E4F       oct_m
 015A:8E57       nov_m
 015A:8E57       _nov_m
 015A:8E60       _dec_m
 015A:8E60       dec_m
 015A:8E69       am_time
 015A:8E69       _am_time
 015A:8E6C       pm_time
 015A:8E6C       _pm_time
 015A:8E6F       greeting_morning
 015A:8E6F       _greeting_morning
 015A:8E77       _greeting_afternoon
 015A:8E77       greeting_afternoon
 015A:8E81       _greeting_evening
 015A:8E81       greeting_evening
 015A:8E89       _cur_time
 015A:8E89       cur_time
 015A:8E90       _new_time
 015A:8E90       new_time
 015A:8E9E       _inv_time
 015A:8E9E       inv_time
 015A:8EB6       cur_date
 015A:8EB6       _cur_date
 015A:8EBD       _new_date
 015A:8EBD       new_date
 015A:8ED0       _inv_date
 015A:8ED0       inv_date
 015A:8EE8       _us_date
 015A:8EE8       us_date
 015A:8EF1       _euro_date
 015A:8EF1       euro_date
 015A:8EFA       jap_date
 015A:8EFA       _jap_date
 015A:8F03       inv_num
 015A:8F03       _inv_num
 015A:8F13       msg_inactive
 015A:8F13       _msg_inactive
 015A:8F34       _msg_outactive
 015A:8F34       msg_outactive
 015A:8F56       msg_on
 015A:8F56       _msg_on
 015A:8F59       _msg_off
 015A:8F59       msg_off
 015A:8F5D       _yes_no
 015A:8F5D       yes_no
 015A:8F60       msg_pause
 015A:8F60       _msg_pause
 015A:8F7F       msg_disabled
 015A:8F7F       _msg_disabled
 015A:8F90       _msg_internal
 015A:8F90       msg_internal
 015A:8FA9       msg_network
 015A:8FA9       _msg_network
 015A:8FBC       msg_debug
 015A:8FBC       _msg_debug
 015A:8FC9       _msg_longjmp
 015A:8FC9       msg_longjmp
 015A:8FDB       _msg_nohelp
 015A:8FDB       msg_nohelp
